{
  "writeLogEntriesRequests": [
    {
      "entries": [
        {
          "logName": "projects/fakeprojectid/logs/my-log-name-foo",
          "resource": {
            "type": "gce_instance",
            "labels": {
              "instance_id": "",
              "zone": ""
            }
          },
          "textPayload": "127.0.0.1 - - [26/Apr/2022:22:53:36 +0800] \"GET / HTTP/1.1\" 200 1247",
          "timestamp": "2022-05-02T12:16:14.574548493Z",
          "httpRequest": {
            "requestMethod": "GET",
            "requestUrl": "/",
            "status": 200,
            "responseSize": "1247",
            "remoteIp": "127.0.0.1",
            "protocol": "HTTP/1.1"
          }
        },
        {
          "logName": "projects/fakeprojectid/logs/my-log-name-foo",
          "resource": {
            "type": "gce_instance",
            "labels": {
              "instance_id": "",
              "zone": ""
            }
          },
          "textPayload": "127.0.0.1 - - [26/Apr/2022:22:53:37 +0800] \"GET /lamp.png HTTP/1.1\" 200 51164",
          "timestamp": "2022-05-02T12:16:14.574548493Z",
          "httpRequest": {
            "requestMethod": "GET",
            "requestUrl": "/lamp.png",
            "status": 200,
            "responseSize": "51164",
            "remoteIp": "127.0.0.1",
            "protocol": "HTTP/1.1"
          }
        },
        {
          "logName": "projects/fakeprojectid/logs/my-log-name-foo",
          "resource": {
            "type": "gce_instance",
            "labels": {
              "instance_id": "",
              "zone": ""
            }
          },
          "textPayload": "127.0.0.1 - - [26/Apr/2022:22:53:37 +0800] \"GET /favicon.ico HTTP/1.1\" 200 3990",
          "timestamp": "2022-05-02T12:16:14.574548493Z",
          "httpRequest": {
            "requestMethod": "GET",
            "requestUrl": "/favicon.ico",
            "status": 200,
            "responseSize": "3990",
            "remoteIp": "127.0.0.1",
            "protocol": "HTTP/1.1"
          }
        },
        {
          "logName": "projects/fakeprojectid/logs/my-log-name-foo",
          "resource": {
            "type": "gce_instance",
            "labels": {
              "instance_id": "",
              "zone": ""
            }
          },
          "textPayload": "127.0.0.1 - - [26/Apr/2022:22:53:51 +0800] \"GET / HTTP/1.1\" 200 1247",
          "timestamp": "2022-05-02T12:16:14.574548493Z",
          "httpRequest": {
            "requestMethod": "GET",
            "requestUrl": "/",
            "status": 200,
            "responseSize": "1247",
            "remoteIp": "127.0.0.1",
            "protocol": "HTTP/1.1"
          }
        },
        {
          "logName": "projects/fakeprojectid/logs/my-log-name-foo",
          "resource": {
            "type": "gce_instance",
            "labels": {
              "instance_id": "",
              "zone": ""
            }
          },
          "textPayload": "127.0.0.1 - - [26/Apr/2022:22:53:52 +0800] \"GET / HTTP/1.1\" 200 1247",
          "timestamp": "2022-05-02T12:16:14.574548493Z",
          "httpRequest": {
            "requestMethod": "GET",
            "requestUrl": "/",
            "status": 200,
            "responseSize": "1247",
            "remoteIp": "127.0.0.1",
            "protocol": "HTTP/1.1"
          }
        },
        {
          "logName": "projects/fakeprojectid/logs/my-log-name-foo",
          "resource": {
            "type": "gce_instance",
            "labels": {
              "instance_id": "",
              "zone": ""
            }
          },
          "textPayload": "127.0.0.1 - - [26/Apr/2022:22:53:53 +0800] \"GET / HTTP/1.1\" 200 1247",
          "timestamp": "2022-05-02T12:16:14.574548493Z",
          "httpRequest": {
            "requestMethod": "GET",
            "requestUrl": "/",
            "status": 200,
            "responseSize": "1247",
            "remoteIp": "127.0.0.1",
            "protocol": "HTTP/1.1"
          }
        },
        {
          "logName": "projects/fakeprojectid/logs/my-log-name-foo",
          "resource": {
            "type": "gce_instance",
            "labels": {
              "instance_id": "",
              "zone": ""
            }
          },
          "textPayload": "127.0.0.1 - - [26/Apr/2022:22:53:53 +0800] \"GET / HTTP/1.1\" 200 1247",
          "timestamp": "2022-05-02T12:16:14.574548493Z",
          "httpRequest": {
            "requestMethod": "GET",
            "requestUrl": "/",
            "status": 200,
            "responseSize": "1247",
            "remoteIp": "127.0.0.1",
            "protocol": "HTTP/1.1"
          }
        },
        {
          "logName": "projects/fakeprojectid/logs/my-log-name-foo",
          "resource": {
            "type": "gce_instance",
            "labels": {
              "instance_id": "",
              "zone": ""
            }
          },
          "textPayload": "127.0.0.1 - - [26/Apr/2022:22:53:53 +0800] \"GET / HTTP/1.1\" 200 1247",
          "timestamp": "2022-05-02T12:16:14.574548493Z",
          "httpRequest": {
            "requestMethod": "GET",
            "requestUrl": "/",
            "status": 200,
            "responseSize": "1247",
            "remoteIp": "127.0.0.1",
            "protocol": "HTTP/1.1"
          }
        },
        {
          "logName": "projects/fakeprojectid/logs/my-log-name-foo",
          "resource": {
            "type": "gce_instance",
            "labels": {
              "instance_id": "",
              "zone": ""
            }
          },
          "textPayload": "127.0.0.1 - - [26/Apr/2022:22:53:53 +0800] \"GET / HTTP/1.1\" 200 1247",
          "timestamp": "2022-05-02T12:16:14.574548493Z",
          "httpRequest": {
            "requestMethod": "GET",
            "requestUrl": "/",
            "status": 200,
            "responseSize": "1247",
            "remoteIp": "127.0.0.1",
            "protocol": "HTTP/1.1"
          }
        },
        {
          "logName": "projects/fakeprojectid/logs/my-log-name-foo",
          "resource": {
            "type": "gce_instance",
            "labels": {
              "instance_id": "",
              "zone": ""
            }
          },
          "textPayload": "127.0.0.1 - - [26/Apr/2022:22:53:54 +0800] \"GET / HTTP/1.1\" 200 1247",
          "timestamp": "2022-05-02T12:16:14.574548493Z",
          "httpRequest": {
            "requestMethod": "GET",
            "requestUrl": "/",
            "status": 200,
            "responseSize": "1247",
            "remoteIp": "127.0.0.1",
            "protocol": "HTTP/1.1"
          }
        },
        {
          "logName": "projects/fakeprojectid/logs/my-log-name-foo",
          "resource": {
            "type": "gce_instance",
            "labels": {
              "instance_id": "",
              "zone": ""
            }
          },
          "textPayload": "127.0.0.1 - - [26/Apr/2022:22:53:54 +0800] \"GET / HTTP/1.1\" 200 1247",
          "timestamp": "2022-05-02T12:16:14.574548493Z",
          "httpRequest": {
            "requestMethod": "GET",
            "requestUrl": "/",
            "status": 200,
            "responseSize": "1247",
            "remoteIp": "127.0.0.1",
            "protocol": "HTTP/1.1"
          }
        },
        {
          "logName": "projects/fakeprojectid/logs/my-log-name-foo",
          "resource": {
            "type": "gce_instance",
            "labels": {
              "instance_id": "",
              "zone": ""
            }
          },
          "textPayload": "127.0.0.1 - - [26/Apr/2022:22:53:54 +0800] \"GET / HTTP/1.1\" 200 1247",
          "timestamp": "2022-05-02T12:16:14.574548493Z",
          "httpRequest": {
            "requestMethod": "GET",
            "requestUrl": "/",
            "status": 200,
            "responseSize": "1247",
            "remoteIp": "127.0.0.1",
            "protocol": "HTTP/1.1"
          }
        },
        {
          "logName": "projects/fakeprojectid/logs/my-log-name-foo",
          "resource": {
            "type": "gce_instance",
            "labels": {
              "instance_id": "",
              "zone": ""
            }
          },
          "textPayload": "127.0.0.1 - - [26/Apr/2022:22:53:54 +0800] \"GET / HTTP/1.1\" 200 1247",
          "timestamp": "2022-05-02T12:16:14.574548493Z",
          "httpRequest": {
            "requestMethod": "GET",
            "requestUrl": "/",
            "status": 200,
            "responseSize": "1247",
            "remoteIp": "127.0.0.1",
            "protocol": "HTTP/1.1"
          }
        },
        {
          "logName": "projects/fakeprojectid/logs/my-log-name-foo",
          "resource": {
            "type": "gce_instance",
            "labels": {
              "instance_id": "",
              "zone": ""
            }
          },
          "textPayload": "127.0.0.1 - - [26/Apr/2022:22:53:54 +0800] \"GET / HTTP/1.1\" 200 1247",
          "timestamp": "2022-05-02T12:16:14.574548493Z",
          "httpRequest": {
            "requestMethod": "GET",
            "requestUrl": "/",
            "status": 200,
            "responseSize": "1247",
            "remoteIp": "127.0.0.1",
            "protocol": "HTTP/1.1"
          }
        },
        {
          "logName": "projects/fakeprojectid/logs/my-log-name-foo",
          "resource": {
            "type": "gce_instance",
            "labels": {
              "instance_id": "",
              "zone": ""
            }
          },
          "textPayload": "127.0.0.1 - - [26/Apr/2022:22:53:54 +0800] \"GET / HTTP/1.1\" 200 1247",
          "timestamp": "2022-05-02T12:16:14.574548493Z",
          "httpRequest": {
            "requestMethod": "GET",
            "requestUrl": "/",
            "status": 200,
            "responseSize": "1247",
            "remoteIp": "127.0.0.1",
            "protocol": "HTTP/1.1"
          }
        },
        {
          "logName": "projects/fakeprojectid/logs/my-log-name-foo",
          "resource": {
            "type": "gce_instance",
            "labels": {
              "instance_id": "",
              "zone": ""
            }
          },
          "textPayload": "127.0.0.2 - - [26/Apr/2022:22:54:38 +0800] \"GET / HTTP/1.1\" 200 4429",
          "timestamp": "2022-05-02T12:16:14.574548493Z",
          "httpRequest": {
            "requestMethod": "GET",
            "requestUrl": "/",
            "status": 200,
            "responseSize": "4429",
            "remoteIp": "127.0.0.2",
            "protocol": "HTTP/1.1"
          }
        },
        {
          "logName": "projects/fakeprojectid/logs/my-log-name-foo",
          "resource": {
            "type": "gce_instance",
            "labels": {
              "instance_id": "",
              "zone": ""
            }
          },
          "textPayload": "127.0.0.1 - - [26/Apr/2022:22:54:43 +0800] \"-\" 408 -",
          "timestamp": "2022-05-02T12:16:14.574548493Z"
        }
      ],
      "partialSuccess": true
    }
  ]
}
