{
  "writeLogEntriesRequests": [
    {
      "entries": [
        {
          "logName": "projects/fakeprojectid/logs/apache-error-fixture",
          "resource": {
            "type": "gce_instance",
            "labels": {
              "instance_id": "",
              "zone": ""
            }
          },
          "jsonPayload": {
            "message": "[pid 417652:tid 139808755448704] AH01232: suEXEC mechanism enabled (wrapper: /usr/local/apache/bin/suexec)",
            "severity": "notice",
            "time": "Tue Apr 26 00:46:21.412645 2022"
          },
          "timestamp": "1970-01-01T00:00:00Z",
          "labels": {
            "log.file.name": "test.log"
          }
        },
        {
          "logName": "projects/fakeprojectid/logs/apache-error-fixture",
          "resource": {
            "type": "gce_instance",
            "labels": {
              "instance_id": "",
              "zone": ""
            }
          },
          "jsonPayload": {
            "message": "[pid 417653:tid 139808755448704] AH00094: Command line: '/usr/local/apache/bin/httpd'",
            "severity": "notice",
            "time": "Tue Apr 26 00:46:21.503003 2022"
          },
          "timestamp": "1970-01-01T00:00:00Z",
          "labels": {
            "log.file.name": "test.log"
          }
        },
        {
          "logName": "projects/fakeprojectid/logs/apache-error-fixture",
          "resource": {
            "type": "gce_instance",
            "labels": {
              "instance_id": "",
              "zone": ""
            }
          },
          "jsonPayload": {
            "message": "[pid 417653:tid 139808755448704] AH00489: Apache/2.4.46 (Unix) OpenSSL/1.1.1g mod_wsgi/4.7.1 Python/3.6 configured -- resuming normal operations",
            "severity": "notice",
            "time": "Tue Apr 26 00:46:21.502940 2022"
          },
          "timestamp": "1970-01-01T00:00:00Z",
          "labels": {
            "log.file.name": "test.log"
          }
        },
        {
          "logName": "projects/fakeprojectid/logs/apache-error-fixture",
          "resource": {
            "type": "gce_instance",
            "labels": {
              "instance_id": "",
              "zone": ""
            }
          },
          "jsonPayload": {
            "message": "[pid 417653:tid 139808755448704] AH00491: caught SIGTERM, shutting down",
            "severity": "notice",
            "time": "Tue Apr 26 00:46:38.988423 2022"
          },
          "timestamp": "1970-01-01T00:00:00Z",
          "labels": {
            "log.file.name": "test.log"
          }
        },
        {
          "logName": "projects/fakeprojectid/logs/apache-error-fixture",
          "resource": {
            "type": "gce_instance",
            "labels": {
              "instance_id": "",
              "zone": ""
            }
          },
          "jsonPayload": {
            "message": "[pid 417653:tid 139808755448704] AH01873: Init: Session Cache is not configured [hint: SSLSessionCache]",
            "severity": "warn",
            "time": "Tue Apr 26 00:46:21.457314 2022"
          },
          "timestamp": "1970-01-01T00:00:00Z",
          "severity": "WARNING",
          "labels": {
            "log.file.name": "test.log"
          }
        },
        {
          "logName": "projects/fakeprojectid/logs/apache-error-fixture",
          "resource": {
            "type": "gce_instance",
            "labels": {
              "instance_id": "",
              "zone": ""
            }
          },
          "jsonPayload": {
            "message": "[pid 712:tid 140159306111872] AH01232: suEXEC mechanism enabled (wrapper: /usr/local/apache/bin/suexec)",
            "severity": "notice",
            "time": "Tue Apr 26 22:48:34.466058 2022"
          },
          "timestamp": "1970-01-01T00:00:00Z",
          "labels": {
            "log.file.name": "test.log"
          }
        },
        {
          "logName": "projects/fakeprojectid/logs/apache-error-fixture",
          "resource": {
            "type": "gce_instance",
            "labels": {
              "instance_id": "",
              "zone": ""
            }
          },
          "jsonPayload": {
            "message": "[pid 769:tid 140159306111872] AH00094: Command line: '/usr/local/apache/bin/httpd'",
            "severity": "notice",
            "time": "Tue Apr 26 22:48:35.606298 2022"
          },
          "timestamp": "1970-01-01T00:00:00Z",
          "labels": {
            "log.file.name": "test.log"
          }
        },
        {
          "logName": "projects/fakeprojectid/logs/apache-error-fixture",
          "resource": {
            "type": "gce_instance",
            "labels": {
              "instance_id": "",
              "zone": ""
            }
          },
          "jsonPayload": {
            "message": "[pid 769:tid 140159306111872] AH00489: Apache/2.4.46 (Unix) OpenSSL/1.1.1g mod_wsgi/4.7.1 Python/3.6 configured -- resuming normal operations",
            "severity": "notice",
            "time": "Tue Apr 26 22:48:35.606223 2022"
          },
          "timestamp": "1970-01-01T00:00:00Z",
          "labels": {
            "log.file.name": "test.log"
          }
        },
        {
          "logName": "projects/fakeprojectid/logs/apache-error-fixture",
          "resource": {
            "type": "gce_instance",
            "labels": {
              "instance_id": "",
              "zone": ""
            }
          },
          "jsonPayload": {
            "message": "[pid 769:tid 140159306111872] AH01873: Init: Session Cache is not configured [hint: SSLSessionCache]",
            "severity": "warn",
            "time": "Tue Apr 26 22:48:34.740290 2022"
          },
          "timestamp": "1970-01-01T00:00:00Z",
          "severity": "WARNING",
          "labels": {
            "log.file.name": "test.log"
          }
        }
      ],
      "partialSuccess": true
    }
  ]
}
