{
  "writeLogEntriesRequests": [
    {
      "entries": [
        {
          "logName": "projects/fakeprojectid/logs/my-log-name-foo",
          "resource": {
            "type": "gce_instance",
            "labels": {
              "instance_id": "",
              "zone": ""
            }
          },
          "jsonPayload": {
            "@type": "type.googleapis.com/google.devtools.clouderrorreporting.v1beta1.ReportedErrorEvent",
            "message": "127.0.0.1 - - [26/Apr/2022:22:53:36 +0800] \"GET / HTTP/1.1\" 200 1247"
          },
          "timestamp": "1970-01-01T00:00:00Z",
          "severity": "ERROR",
          "labels": {
            "service.name": "apache_service"
          }
        },
        {
          "logName": "projects/fakeprojectid/logs/my-log-name-foo",
          "resource": {
            "type": "gce_instance",
            "labels": {
              "instance_id": "",
              "zone": ""
            }
          },
          "jsonPayload": {
            "@type": "type.googleapis.com/google.devtools.clouderrorreporting.v1beta1.ReportedErrorEvent",
            "message": "127.0.0.1 - - [26/Apr/2022:22:53:36 +0800] \"GET / HTTP/1.1\" 200 1247"
          },
          "timestamp": "1970-01-01T00:00:00Z",
          "severity": "ERROR",
          "labels": {
            "service.name": "apache_service"
          }
        }
      ],
      "partialSuccess": true
    }
  ],
  "userAgent": "opentelemetry-collector-contrib latest grpc-go/1.58.2"
}
